--------------------------------------------------------------------------------------------------------------------------------------------------------------------------------------------------------
      name:  <unnamed>
       log:  /Users/mwatson/Dropbox/TB/4E/WebSupplements/ForStudents/SW_4E_ReplicationFiles/Chapter_2/ch2_4e_djia_box.log
  log type:  text
 opened on:  24 Sep 2018, 14:19:57

. use "/Users/mwatson/Dropbox/TB/4E/WebSupplements/ForStudents/SW_4E_ReplicationFiles/Replication_Data/djia_daily.dta";

. tsset date;
        time variable:  date, 01oct1970 to 06oct2017, but with gaps
                delta:  1 day

.  sort date;

. desc;

Contains data from /Users/mwatson/Dropbox/TB/4E/WebSupplements/ForStudents/SW_4E_ReplicationFiles/Replication_Data/djia_daily.dta
  obs:        11,862                          
 vars:             7                          9 Oct 2017 10:02
 size:       201,654                          
--------------------------------------------------------------------------------------------------------------------------------------------------------------------------------------------------------
              storage   display    value
variable name   type    format     label      variable label
--------------------------------------------------------------------------------------------------------------------------------------------------------------------------------------------------------
year            int     %8.0g                 
month           byte    %8.0g                 
day             byte    %8.0g                 
djia            float   %9.0g                 
v5              byte    %8.0g                 
date            float   %td                   
time            float   %9.0g                 
--------------------------------------------------------------------------------------------------------------------------------------------------------------------------------------------------------
Sorted by: date

. *************************;
. * transformations;
. *************************;
. gen dpctchg = 100*(djia[_n]-djia[_n-1])/djia[_n-1];
(1 missing value generated)

. ************;
. * tabulate extremes;
. su dpctchg if tin(01jan1980,29sep2017);

    Variable |        Obs        Mean    Std. Dev.       Min        Max
-------------+---------------------------------------------------------
     dpctchg |      9,521    .0403855    1.079552  -22.61019   11.08033

. sca vv = r(Var);

. sca ss = sqrt(vv);

. sca mm = r(mean);

. gen dpctchg_std = (dpctchg-mm)/ss;
(1 missing value generated)

. gen pnorm = 2*normal(-abs(dpctchg_std));
(1 missing value generated)

. gen pnorm_app = exp(ln(2/sqrt(2*3.1416)) + (-0.5*dpctchg_std*dpctchg_std-ln(abs(dpctchg_std))));
(1 missing value generated)

. sort pnorm;

. list date djia dpctchg dpctchg_std pnorm pnorm_app in 1/100;

     +--------------------------------------------------------------------+
     |      date       djia     dpctchg   dpctchg~d      pnorm   pnorm_~p |
     |--------------------------------------------------------------------|
  1. | 19oct1987    1738.74   -22.61019   -20.98147          0          0 |
  2. | 13oct2008    9387.61    11.08033    10.22642   1.51e-24   1.52e-24 |
  3. | 28oct2008    9065.12    10.87788    10.03888   1.03e-23   1.04e-23 |
  4. | 21oct1987    2027.85    10.14878    9.363506   7.71e-21   7.80e-21 |
  5. | 26oct1987    1793.93   -8.039429   -7.484416   7.19e-14   7.31e-14 |
     |--------------------------------------------------------------------|
  6. | 15oct2008    8577.91   -7.873277   -7.330508   2.29e-13   2.33e-13 |
  7. | 01dec2008    8149.09   -7.701293   -7.171196   7.43e-13   7.57e-13 |
  8. | 09oct2008    8579.19   -7.333138   -6.830171   8.48e-12   8.66e-12 |
  9. | 27oct1997    7161.15   -7.183808   -6.691845   2.20e-11   2.25e-11 |
 10. | 17sep2001     8920.7   -7.129341   -6.641392   3.11e-11   3.17e-11 |
     |--------------------------------------------------------------------|
 11. | 29sep2008   10365.45   -6.979006   -6.502135   7.92e-11   8.10e-11 |
 12. | 13oct1989    2569.26   -6.905476   -6.434023   1.24e-10   1.27e-10 |
 13. | 08jan1988    1911.31   -6.851237   -6.383781   1.73e-10   1.77e-10 |
 14. | 23mar2009    7775.86    6.835037    6.293956   3.09e-10   3.17e-10 |
 15. | 13nov2008    8835.25    6.671647    6.142606   8.12e-10   8.32e-10 |
     |--------------------------------------------------------------------|
 16. | 21nov2008    8046.42    6.542782    6.023238   1.71e-09   1.75e-09 |
 17. | 31aug1998    7539.07   -6.366502   -5.934766   2.94e-09   3.02e-09 |
 18. | 24jul2002    8191.29    6.348073    5.842877   5.13e-09   5.27e-09 |
 19. | 22oct2008    8519.21   -5.815233    -5.42412   5.82e-08   6.01e-08 |
 20. | 20oct1987    1841.01    5.881846    5.411006   6.27e-08   6.47e-08 |
     |--------------------------------------------------------------------|
 21. | 10mar2009    6926.49    5.795594     5.33111   9.76e-08   1.01e-07 |
 22. | 14apr2000   10305.77    -5.65549   -5.276148   1.32e-07   1.36e-07 |
 23. | 20nov2008    7552.29   -5.564264   -5.191645   2.08e-07   2.16e-07 |
 24. | 08aug2011   10809.85   -5.546373   -5.175072   2.28e-07   2.36e-07 |
 25. | 29jul2002    8711.88     5.41468    4.978265   6.42e-07   6.66e-07 |
     |--------------------------------------------------------------------|
 26. | 07oct2008    9447.11   -5.106621   -4.767725   1.86e-06   1.94e-06 |
 27. | 19nov2008    7997.28   -5.073981   -4.737491   2.16e-06   2.25e-06 |
 28. | 05nov2008    9139.27   -5.049315   -4.714643   2.42e-06   2.52e-06 |
 29. | 08sep1998    8020.78    4.980593    4.576166   4.74e-06   4.94e-06 |
 30. | 29oct1987    1938.33    4.955004    4.552462   5.30e-06   5.54e-06 |
     |--------------------------------------------------------------------|
 31. | 24nov2008    8443.39    4.933495    4.532538   5.83e-06   6.09e-06 |
 32. | 06nov2008    8695.79   -4.852461   -4.532294   5.83e-06   6.10e-06 |
 33. | 16mar2000    10630.6    4.927147    4.526658   5.99e-06   6.26e-06 |
 34. | 17aug1982     831.24    4.897593    4.499281   6.82e-06   7.13e-06 |
 35. | 14apr1988    2005.64   -4.815153   -4.497735   6.87e-06   7.18e-06 |
     |--------------------------------------------------------------------|
 36. | 12nov2008    8282.66   -4.730868   -4.419662   9.89e-06   .0000103 |
 37. | 15oct2002    8255.68    4.802089    4.410815   .0000103   .0000108 |
 38. | 19jul2002    8019.26   -4.640358   -4.335821   .0000145   .0000152 |
 39. | 09oct1974     631.02    4.711019    4.326456   .0000152   .0000159 |
 40. | 28oct1997    7498.32    4.708321    4.323957   .0000153   .0000161 |
     |--------------------------------------------------------------------|
 41. | 10aug2011   10719.94   -4.624909    -4.32151   .0000155   .0000163 |
 42. | 10feb2009    7888.88   -4.618501   -4.315575   .0000159   .0000167 |
 43. | 11sep1986    1792.89    -4.60814   -4.305977   .0000166   .0000174 |
 44. | 16oct1987    2246.73   -4.601102   -4.299458   .0000171    .000018 |
 45. | 30sep2008   10850.66    4.681031    4.298678   .0000172    .000018 |
     |--------------------------------------------------------------------|
 46. | 16oct2008    8979.26    4.678874     4.29668   .0000173   .0000182 |
 47. | 20oct2008    9265.43    4.667868    4.286485   .0000182   .0000191 |
 48. | 01oct2002    7938.79    4.568797    4.194714   .0000273   .0000287 |
 49. | 17jan1991    2623.51    4.567725    4.193721   .0000274   .0000289 |
 50. | 15sep2008   10917.51   -4.416748   -4.128688   .0000365   .0000384 |
     |--------------------------------------------------------------------|
 51. | 24sep2001    8603.86    4.468908    4.102187   .0000409   .0000431 |
 52. | 01nov1978     827.79    4.459583    4.093548   .0000425   .0000448 |
 53. | 20sep2001    8376.21   -4.371666   -4.086929   .0000437   .0000461 |
 54. | 04aug2011   11383.68   -4.310203   -4.029995   .0000558   .0000589 |
 55. | 02mar2009    6763.29   -4.242434    -3.96722   .0000727   .0000769 |
     |--------------------------------------------------------------------|
 56. | 27aug1998    8165.99    -4.19271    -3.92116   .0000881   .0000933 |
 57. | 03nov1982    1065.49    4.247219    3.896833   .0000975   .0001032 |
 58. | 30nov2011   12045.68    4.240788    3.890877   .0000999   .0001058 |
 59. | 05apr2001    9918.05    4.231341    3.882126   .0001035   .0001097 |
 60. | 11oct2002    7850.29    4.198858    3.852036   .0001171   .0001242 |
     |--------------------------------------------------------------------|
 61. | 16dec2008    8924.14    4.198822    3.852003   .0001172   .0001242 |
 62. | 03sep2002    8308.05   -4.102848    -3.83792   .0001241   .0001316 |
 63. | 12mar2001   10208.25   -4.099443   -3.834766   .0001257   .0001333 |
 64. | 05mar2009    6594.44   -4.092589   -3.828417    .000129   .0001368 |
 65. | 15oct1998    8299.36    4.148447     3.80534   .0001416   .0001504 |
     |--------------------------------------------------------------------|
 66. | 17sep2008   10609.66   -4.063284   -3.801271    .000144   .0001529 |
 67. | 30nov1987    1833.55   -4.026733   -3.767414   .0001649   .0001753 |
 68. | 20jan2009    7949.09    -4.01064   -3.752506   .0001751   .0001862 |
 69. | 06oct1982     944.26    4.086245    3.747722   .0001784   .0001898 |
 70. | 22apr1980     789.85    4.046734    3.711122   .0002063   .0002197 |
     |--------------------------------------------------------------------|
 71. | 29oct1974     659.34    4.023097    3.689227   .0002249   .0002396 |
 72. | 15nov1991     2943.2   -3.927197   -3.675212   .0002377   .0002533 |
 73. | 03dec1987    1776.53   -3.917854   -3.666558   .0002458   .0002621 |
 74. | 09aug2011   11239.77    3.977113    3.646631   .0002657   .0002834 |
 75. | 26aug2015   16285.51    3.951563    3.622965   .0002912   .0003109 |
     |--------------------------------------------------------------------|
 76. | 11aug2011   11143.31    3.949361    3.620924   .0002936   .0003134 |
 77. | 04jan1988    2015.25    3.941555    3.613693   .0003019   .0003223 |
 78. | 07oct1974     607.56    3.934583    3.607236   .0003095   .0003305 |
 79. | 27jan1975     692.66     3.90783    3.582454   .0003404   .0003638 |
 80. | 18apr2001   10615.83    3.906334    3.581068   .0003422   .0003658 |
     |--------------------------------------------------------------------|
 81. | 14nov2008    8497.31   -3.824911   -3.580464    .000343   .0003666 |
 82. | 10may2010   10785.14    3.898778    3.574069   .0003515   .0003758 |
 83. | 22oct1987    1950.43   -3.817833   -3.573907   .0003517    .000376 |
 84. | 14oct1987     2412.7   -3.805976   -3.562924   .0003667   .0003923 |
 85. | 17feb2009     7552.6   -3.793561   -3.551424   .0003832     .00041 |
     |--------------------------------------------------------------------|
 86. | 18sep2008   11019.69    3.864688    3.542491   .0003964   .0004242 |
 87. | 16aug1971     888.95    3.846872    3.525988   .0004219   .0004518 |
 88. | 01sep1998    7827.43     3.82488    3.505616   .0004556   .0004882 |
 89. | 31may1988    2031.12     3.81714    3.498447    .000468   .0005016 |
 90. | 27sep2002    7701.45   -3.697205   -3.462169   .0005358   .0005751 |
     |--------------------------------------------------------------------|
 91. | 07mar2000    9796.03   -3.681921   -3.448011   .0005647   .0006064 |
 92. | 18aug2011   10990.58    -3.67767   -3.444073    .000573   .0006154 |
 93. | 12oct2000   10034.58   -3.641421   -3.410496   .0006484   .0006972 |
 94. | 24mar2003    8214.68   -3.605857   -3.377552   .0007313   .0007873 |
 95. | 20may2010   10068.01   -3.603476   -3.375346   .0007372   .0007937 |
     |--------------------------------------------------------------------|
 96. | 24oct2008    8378.95   -3.593267    -3.36589    .000763   .0008217 |
 97. | 20aug1982     869.29    3.663376    3.356014   .0007907    .000852 |
 98. | 06oct2008     9955.5    -3.58224   -3.355675   .0007917    .000853 |
 99. | 24aug2015   15871.35   -3.574783   -3.348768   .0008117   .0008748 |
100. | 20apr2009    7841.73   -3.561534   -3.336495   .0008484   .0009148 |
     +--------------------------------------------------------------------+

. preserve;

.  format date %tdMonthDDCCYY;

.  format dpctchg dpctchg_std %9.1f;

.  format pnorm %9.1e;

.  list date dpctchg dpctchg_std pnorm in 1/10, noobs;

  +------------------------------------------------+
  |            date   dpctchg   dpctch~d     pnorm |
  |------------------------------------------------|
  |   October191987     -22.6      -21.0   0.0e+00 |
  |   October132008      11.1       10.2   1.5e-24 |
  |   October282008      10.9       10.0   1.0e-23 |
  |   October211987      10.1        9.4   7.7e-21 |
  |   October261987      -8.0       -7.5   7.2e-14 |
  |------------------------------------------------|
  |   October152008      -7.9       -7.3   2.3e-13 |
  |  December012008      -7.7       -7.2   7.4e-13 |
  |   October092008      -7.3       -6.8   8.5e-12 |
  |   October271997      -7.2       -6.7   2.2e-11 |
  | September172001      -7.1       -6.6   3.1e-11 |
  +------------------------------------------------+

. restore;

. sort date;

. *************************;
. format date %tdCCYY;

. twoway tsline dpctchg if tin(01jan1980,29sep2017),
>     ylabel(-25(5)10)
>     tlabel(01jan1980 01jan1985 01jan1990 01jan1995 01jan2000 01jan2005 
>            01jan2010 01jan2015)
>     ytitle("Daily percent change") ttitle("Year")
>     s(.) c(l) saving(f2_7.gph,replace);
(note: file f2_7.gph not found)
(file f2_7.gph saved)

. ************************************************************;
. log close;
      name:  <unnamed>
       log:  /Users/mwatson/Dropbox/TB/4E/WebSupplements/ForStudents/SW_4E_ReplicationFiles/Chapter_2/ch2_4e_djia_box.log
  log type:  text
 closed on:  24 Sep 2018, 14:20:00
--------------------------------------------------------------------------------------------------------------------------------------------------------------------------------------------------------
